 
****************************************
Report : area
Design : SOLE
Version: W-2024.09-SP2
Date   : Sat Apr 18 21:34:26 2026
****************************************

Library(s) Used:

    N16ADFP_StdCellss0p72vm40c (File: /cad/process/ADFP/Executable_Package/Collaterals/IP/stdcell/N16ADFP_StdCell/NLDM/N16ADFP_StdCellss0p72vm40c.db)
    N16ADFP_SRAM_ss0p72v0p72vm40c (File: /cad/process/ADFP/Executable_Package/Collaterals/IP/sram/N16ADFP_SRAM/NLDM/N16ADFP_SRAM_ss0p72v0p72vm40c_100a.db)

Number of ports:                         5962
Number of nets:                        144029
Number of cells:                       138737
Number of combinational cells:         102700
Number of sequential cells:             35924
Number of macros/black boxes:               4
Number of buf/inv:                      10229
Number of references:                      31

Combinational area:              39585.284298
Buf/Inv area:                     2119.582104
Noncombinational area:           33519.537081
Macro/Black Box area:            14814.291016
Net Interconnect area:      undefined  (Wire load has zero net area)

Total cell area:                 87919.112394
Total area:                 undefined
1
