Information: Updating design information... (UID-85)
Warning: Design 'SOLE' contains 1 high-fanout nets. A fanout number of 1000 will be used for delay calculations involving these nets. (TIM-134)
 
****************************************
Report : timing
        -path full
        -delay max
        -max_paths 1
        -sort_by group
Design : SOLE
Version: W-2024.09-SP2
Date   : Mon Apr 20 12:09:06 2026
****************************************

 # A fanout number of 1000 was used for high fanout net computations.

Operating Conditions: ss0p72vm40c   Library: N16ADFP_StdCellss0p72vm40c
Wire Load Model Mode: segmented

  Startpoint: M_AXI_RDATA[32]
              (input port clocked by clk)
  Endpoint: u_softmax/u_p1/u_max_unit/r2_reg_5_
            (rising edge-triggered flip-flop clocked by clk)
  Path Group: clk
  Path Type: max

  Des/Clust/Port     Wire Load Model       Library
  ------------------------------------------------
  SOLE               ZeroWireload          N16ADFP_StdCellss0p72vm40c
  MaxUnit            ZeroWireload          N16ADFP_StdCellss0p72vm40c
  Softmax            ZeroWireload          N16ADFP_StdCellss0p72vm40c
  PROCESS_1_Module   ZeroWireload          N16ADFP_StdCellss0p72vm40c

  Point                                                   Incr       Path
  --------------------------------------------------------------------------
  clock clk (rise edge)                                 0.0000     0.0000
  clock network delay (ideal)                           0.2000     0.2000
  input external delay                                  0.5700     0.7700 f
  M_AXI_RDATA[32] (in)                                  0.0010     0.7710 f
  U697/Z (DEL025D1BWP20P90)                             0.0354     0.8064 f
  U698/Z (CKBD1BWP16P90LVT)                             0.0116     0.8181 f
  u_softmax/M_AXI_RDATA[32] (Softmax)                   0.0000     0.8181 f
  u_softmax/u_p1/DataIn_64bits[32] (PROCESS_1_Module)   0.0000     0.8181 f
  u_softmax/u_p1/u_max_unit/C[0] (MaxUnit)              0.0000     0.8181 f
  u_softmax/u_p1/u_max_unit/U89/ZN (CKND1BWP16P90LVT)   0.0068     0.8249 r
  u_softmax/u_p1/u_max_unit/U173/ZN (NR2D1BWP16P90)     0.0089     0.8338 f
  u_softmax/u_p1/u_max_unit/U174/ZN (MAOI222D1BWP16P90)
                                                        0.0142     0.8480 r
  u_softmax/u_p1/u_max_unit/U175/ZN (OAI211D1BWP16P90)
                                                        0.0185     0.8665 f
  u_softmax/u_p1/u_max_unit/U176/ZN (INR3D1BWP16P90)    0.0188     0.8852 f
  u_softmax/u_p1/u_max_unit/U177/ZN (IND3D1BWP16P90)    0.0217     0.9069 f
  u_softmax/u_p1/u_max_unit/U178/ZN (AOI31D1BWP16P90)   0.0146     0.9215 r
  u_softmax/u_p1/u_max_unit/U179/ZN (AOI211D1BWP16P90)
                                                        0.0150     0.9364 f
  u_softmax/u_p1/u_max_unit/U180/ZN (OAI31D1BWP16P90)   0.0176     0.9540 r
  u_softmax/u_p1/u_max_unit/U233/ZN (INR2D1BWP16P90)    0.0227     0.9768 r
  u_softmax/u_p1/u_max_unit/U229/Z (CKMUX2D1BWP16P90)   0.0229     0.9996 r
  u_softmax/u_p1/u_max_unit/U228/ZN (AOI21D1BWP16P90)   0.0077     1.0074 f
  u_softmax/u_p1/u_max_unit/U227/Z (CKMUX2D1BWP16P90)   0.0303     1.0377 f
  u_softmax/u_p1/u_max_unit/U80/ZN (CKND1BWP16P90LVT)   0.0219     1.0595 r
  u_softmax/u_p1/u_max_unit/U27/Z (AO22D4BWP20P90)      0.0395     1.0990 r
  u_softmax/u_p1/u_max_unit/U25/Z (BUFFD1BWP16P90)      0.0142     1.1132 r
  u_softmax/u_p1/u_max_unit/U26/Z (CKBD1BWP16P90LVT)    0.0089     1.1221 r
  u_softmax/u_p1/u_max_unit/r2_reg_5_/D (DFCNQD2BWP20P90)
                                                        0.0000     1.1221 r
  data arrival time                                                1.1221

  clock clk (rise edge)                                 0.9500     0.9500
  clock network delay (ideal)                           0.2000     1.1500
  clock uncertainty                                    -0.0200     1.1300
  u_softmax/u_p1/u_max_unit/r2_reg_5_/CP (DFCNQD2BWP20P90)
                                                        0.0000     1.1300 r
  library setup time                                   -0.0079     1.1221
  data required time                                               1.1221
  --------------------------------------------------------------------------
  data required time                                               1.1221
  data arrival time                                               -1.1221
  --------------------------------------------------------------------------
  slack (MET)                                                      0.0000


1
