 
****************************************
Report : area
Design : SOLE
Version: W-2024.09-SP2
Date   : Wed Apr 22 23:08:59 2026
****************************************

Library(s) Used:

    N16ADFP_StdCellss0p72vm40c (File: /cad/process/ADFP/Executable_Package/Collaterals/IP/stdcell/N16ADFP_StdCell/NLDM/N16ADFP_StdCellss0p72vm40c.db)
    N16ADFP_SRAM_ss0p72v0p72vm40c (File: /cad/process/ADFP/Executable_Package/Collaterals/IP/sram/N16ADFP_SRAM/NLDM/N16ADFP_SRAM_ss0p72v0p72vm40c_100a.db)

Number of ports:                         6052
Number of nets:                        137916
Number of cells:                       132464
Number of combinational cells:          96265
Number of sequential cells:             36085
Number of macros/black boxes:               4
Number of buf/inv:                       7405
Number of references:                      27

Combinational area:              35732.950063
Buf/Inv area:                     1444.158737
Noncombinational area:           41165.419739
Macro/Black Box area:            14814.291016
Net Interconnect area:      undefined  (Wire load has zero net area)

Total cell area:                 91712.660818
Total area:                 undefined
1
