Loading db file '/cad/process/ADFP/Executable_Package/Collaterals/IP/stdcell/N16ADFP_StdCell/NLDM/N16ADFP_StdCellss0p72vm40c.db'
Loading db file '/cad/process/ADFP/Executable_Package/Collaterals/IP/sram/N16ADFP_SRAM/NLDM/N16ADFP_SRAM_ss0p72v0p72vm40c_100a.db'
Information: Propagating switching activity (low effort zero delay simulation). (PWR-6)
Warning: Design has unannotated primary inputs. (PWR-414)
Warning: Design has unannotated sequential cell outputs. (PWR-415)
Warning: Design has unannotated black box outputs. (PWR-428)
 
****************************************
Report : power
        -analysis_effort low
Design : SOLE
Version: W-2024.09-SP2
Date   : Wed Apr 22 23:09:11 2026
****************************************


Library(s) Used:

    N16ADFP_StdCellss0p72vm40c (File: /cad/process/ADFP/Executable_Package/Collaterals/IP/stdcell/N16ADFP_StdCell/NLDM/N16ADFP_StdCellss0p72vm40c.db)
    N16ADFP_SRAM_ss0p72v0p72vm40c (File: /cad/process/ADFP/Executable_Package/Collaterals/IP/sram/N16ADFP_SRAM/NLDM/N16ADFP_SRAM_ss0p72v0p72vm40c_100a.db)


Operating Conditions: ss0p72vm40c   Library: N16ADFP_StdCellss0p72vm40c
Wire Load Model Mode: segmented

Design        Wire Load Model            Library
------------------------------------------------
SOLE                   ZeroWireload      N16ADFP_StdCellss0p72vm40c
Softmax                ZeroWireload      N16ADFP_StdCellss0p72vm40c
PROCESS_1_Module       ZeroWireload      N16ADFP_StdCellss0p72vm40c
PROCESS_2_Module       ZeroWireload      N16ADFP_StdCellss0p72vm40c
PROCESS_3_Module       ZeroWireload      N16ADFP_StdCellss0p72vm40c
Max_FIFO               ZeroWireload      N16ADFP_StdCellss0p72vm40c
Output_FIFO            ZeroWireload      N16ADFP_StdCellss0p72vm40c
MaxUnit                ZeroWireload      N16ADFP_StdCellss0p72vm40c
Reduction_Module       ZeroWireload      N16ADFP_StdCellss0p72vm40c
Log2Exp_5              ZeroWireload      N16ADFP_StdCellss0p72vm40c
Log2Exp_4              ZeroWireload      N16ADFP_StdCellss0p72vm40c
Divider_PreCompute_Module
                       ZeroWireload      N16ADFP_StdCellss0p72vm40c
Divider_Module_3       ZeroWireload      N16ADFP_StdCellss0p72vm40c
SRAM_ADDR_BITS10_DATA_BITS16_1
                       ZeroWireload      N16ADFP_StdCellss0p72vm40c
Log2Exp_0              ZeroWireload      N16ADFP_StdCellss0p72vm40c
Log2Exp_1              ZeroWireload      N16ADFP_StdCellss0p72vm40c
Log2Exp_2              ZeroWireload      N16ADFP_StdCellss0p72vm40c
Log2Exp_3              ZeroWireload      N16ADFP_StdCellss0p72vm40c
Divider_Module_0       ZeroWireload      N16ADFP_StdCellss0p72vm40c
Divider_Module_1       ZeroWireload      N16ADFP_StdCellss0p72vm40c
Divider_Module_2       ZeroWireload      N16ADFP_StdCellss0p72vm40c
SRAM_ADDR_BITS10_DATA_BITS16_0
                       ZeroWireload      N16ADFP_StdCellss0p72vm40c
Softmax_DW01_inc_0     ZeroWireload      N16ADFP_StdCellss0p72vm40c
Softmax_DW01_inc_1     ZeroWireload      N16ADFP_StdCellss0p72vm40c
Softmax_DW01_inc_2     ZeroWireload      N16ADFP_StdCellss0p72vm40c
Softmax_DW01_add_0_DW01_add_2
                       ZeroWireload      N16ADFP_StdCellss0p72vm40c
Softmax_DW01_inc_3     ZeroWireload      N16ADFP_StdCellss0p72vm40c
Softmax_DW01_inc_4     ZeroWireload      N16ADFP_StdCellss0p72vm40c
Softmax_DW01_add_1_DW01_add_3
                       ZeroWireload      N16ADFP_StdCellss0p72vm40c
Softmax_DW_cmp_0       ZeroWireload      N16ADFP_StdCellss0p72vm40c
Softmax_DW01_inc_5     ZeroWireload      N16ADFP_StdCellss0p72vm40c
Softmax_DW01_inc_6     ZeroWireload      N16ADFP_StdCellss0p72vm40c
Softmax_DW01_inc_7     ZeroWireload      N16ADFP_StdCellss0p72vm40c
Softmax_DW_cmp_4       ZeroWireload      N16ADFP_StdCellss0p72vm40c
Softmax_DW_cmp_5       ZeroWireload      N16ADFP_StdCellss0p72vm40c
Softmax_DW01_cmp2_1    ZeroWireload      N16ADFP_StdCellss0p72vm40c
Softmax_DW01_cmp2_2    ZeroWireload      N16ADFP_StdCellss0p72vm40c
Softmax_DW01_cmp2_3    ZeroWireload      N16ADFP_StdCellss0p72vm40c
Softmax_DW01_cmp2_4    ZeroWireload      N16ADFP_StdCellss0p72vm40c
Output_FIFO_DW01_dec_0 ZeroWireload      N16ADFP_StdCellss0p72vm40c
Output_FIFO_DW01_inc_0_DW01_inc_8
                       ZeroWireload      N16ADFP_StdCellss0p72vm40c
Output_FIFO_DW01_inc_1_DW01_inc_9
                       ZeroWireload      N16ADFP_StdCellss0p72vm40c
Output_FIFO_DW01_inc_2_DW01_inc_10
                       ZeroWireload      N16ADFP_StdCellss0p72vm40c
Max_FIFO_DW01_dec_0_DW01_dec_1
                       ZeroWireload      N16ADFP_StdCellss0p72vm40c
Max_FIFO_DW01_inc_0_DW01_inc_11
                       ZeroWireload      N16ADFP_StdCellss0p72vm40c
Max_FIFO_DW01_inc_1_DW01_inc_12
                       ZeroWireload      N16ADFP_StdCellss0p72vm40c
Max_FIFO_DW01_inc_2_DW01_inc_13
                       ZeroWireload      N16ADFP_StdCellss0p72vm40c
PROCESS_3_Module_DW_fp_add_0
                       ZeroWireload      N16ADFP_StdCellss0p72vm40c
PROCESS_1_Module_DW_fp_add_0_DW_fp_add_1
                       ZeroWireload      N16ADFP_StdCellss0p72vm40c
PROCESS_1_Module_DW_fp_add_1_DW_fp_add_2
                       ZeroWireload      N16ADFP_StdCellss0p72vm40c
PROCESS_1_Module_DW_fp_add_2_DW_fp_add_3
                       ZeroWireload      N16ADFP_StdCellss0p72vm40c
PROCESS_1_Module_DW_fp_add_3_DW_fp_add_4
                       ZeroWireload      N16ADFP_StdCellss0p72vm40c
PROCESS_1_Module_DW_fp_add_4_DW_fp_add_5
                       ZeroWireload      N16ADFP_StdCellss0p72vm40c
PROCESS_1_Module_DW01_add_5_DW01_add_14
                       ZeroWireload      N16ADFP_StdCellss0p72vm40c
Reduction_Module_DW01_add_0_DW01_add_25
                       ZeroWireload      N16ADFP_StdCellss0p72vm40c
Reduction_Module_DW01_add_1_DW01_add_26
                       ZeroWireload      N16ADFP_StdCellss0p72vm40c
Reduction_Module_DW01_add_2_DW01_add_27
                       ZeroWireload      N16ADFP_StdCellss0p72vm40c
PROCESS_3_Module_DW_fp_addsub_J1_0
                       ZeroWireload      N16ADFP_StdCellss0p72vm40c
PROCESS_3_Module_DW_cmp_J1_0
                       ZeroWireload      N16ADFP_StdCellss0p72vm40c
PROCESS_3_Module_DW01_add_J1_0
                       ZeroWireload      N16ADFP_StdCellss0p72vm40c
PROCESS_3_Module_DW_norm_J1_0
                       ZeroWireload      N16ADFP_StdCellss0p72vm40c
PROCESS_3_Module_DW01_add_J1_1
                       ZeroWireload      N16ADFP_StdCellss0p72vm40c
PROCESS_3_Module_DW_lzd_J1_0
                       ZeroWireload      N16ADFP_StdCellss0p72vm40c
PROCESS_3_Module_DW01_inc_J1_0
                       ZeroWireload      N16ADFP_StdCellss0p72vm40c
PROCESS_3_Module_sub_278_DP_OP_366J1_8568_J1_0
                       ZeroWireload      N16ADFP_StdCellss0p72vm40c
PROCESS_3_Module_add_403_DP_OP_365J1_2836_J1_0
                       ZeroWireload      N16ADFP_StdCellss0p72vm40c
PROCESS_1_Module_DW_fp_addsub_J2_0
                       ZeroWireload      N16ADFP_StdCellss0p72vm40c
PROCESS_1_Module_DW_cmp_J2_0
                       ZeroWireload      N16ADFP_StdCellss0p72vm40c
PROCESS_1_Module_DW01_add_J2_0
                       ZeroWireload      N16ADFP_StdCellss0p72vm40c
PROCESS_1_Module_DW_norm_J2_0
                       ZeroWireload      N16ADFP_StdCellss0p72vm40c
PROCESS_1_Module_DW01_add_J2_1
                       ZeroWireload      N16ADFP_StdCellss0p72vm40c
PROCESS_1_Module_DW_lzd_J2_0
                       ZeroWireload      N16ADFP_StdCellss0p72vm40c
PROCESS_1_Module_DW01_inc_J2_0
                       ZeroWireload      N16ADFP_StdCellss0p72vm40c
PROCESS_1_Module_sub_278_DP_OP_366J2_8568_J2_0
                       ZeroWireload      N16ADFP_StdCellss0p72vm40c
PROCESS_1_Module_add_403_DP_OP_365J2_2836_J2_0
                       ZeroWireload      N16ADFP_StdCellss0p72vm40c
PROCESS_1_Module_DW_fp_addsub_J3_0
                       ZeroWireload      N16ADFP_StdCellss0p72vm40c
PROCESS_1_Module_DW_cmp_J3_0
                       ZeroWireload      N16ADFP_StdCellss0p72vm40c
PROCESS_1_Module_DW01_add_J3_0
                       ZeroWireload      N16ADFP_StdCellss0p72vm40c
PROCESS_1_Module_DW_norm_J3_0
                       ZeroWireload      N16ADFP_StdCellss0p72vm40c
PROCESS_1_Module_DW01_add_J3_1
                       ZeroWireload      N16ADFP_StdCellss0p72vm40c
PROCESS_1_Module_DW_lzd_J3_0
                       ZeroWireload      N16ADFP_StdCellss0p72vm40c
PROCESS_1_Module_DW01_inc_J3_0
                       ZeroWireload      N16ADFP_StdCellss0p72vm40c
PROCESS_1_Module_sub_278_DP_OP_366J3_8568_J3_0
                       ZeroWireload      N16ADFP_StdCellss0p72vm40c
PROCESS_1_Module_add_403_DP_OP_365J3_2836_J3_0
                       ZeroWireload      N16ADFP_StdCellss0p72vm40c
PROCESS_1_Module_DW_fp_addsub_J4_0
                       ZeroWireload      N16ADFP_StdCellss0p72vm40c
PROCESS_1_Module_DW_cmp_J4_0
                       ZeroWireload      N16ADFP_StdCellss0p72vm40c
PROCESS_1_Module_DW01_add_J4_0
                       ZeroWireload      N16ADFP_StdCellss0p72vm40c
PROCESS_1_Module_DW_norm_J4_0
                       ZeroWireload      N16ADFP_StdCellss0p72vm40c
PROCESS_1_Module_DW01_add_J4_1
                       ZeroWireload      N16ADFP_StdCellss0p72vm40c
PROCESS_1_Module_DW_lzd_J4_0
                       ZeroWireload      N16ADFP_StdCellss0p72vm40c
PROCESS_1_Module_DW01_inc_J4_0
                       ZeroWireload      N16ADFP_StdCellss0p72vm40c
PROCESS_1_Module_sub_278_DP_OP_366J4_8568_J4_0
                       ZeroWireload      N16ADFP_StdCellss0p72vm40c
PROCESS_1_Module_add_403_DP_OP_365J4_2836_J4_0
                       ZeroWireload      N16ADFP_StdCellss0p72vm40c
PROCESS_1_Module_DW_fp_addsub_J5_0
                       ZeroWireload      N16ADFP_StdCellss0p72vm40c
PROCESS_1_Module_DW_cmp_J5_0
                       ZeroWireload      N16ADFP_StdCellss0p72vm40c
PROCESS_1_Module_DW01_add_J5_0
                       ZeroWireload      N16ADFP_StdCellss0p72vm40c
PROCESS_1_Module_DW_norm_J5_0
                       ZeroWireload      N16ADFP_StdCellss0p72vm40c
PROCESS_1_Module_DW01_add_J5_1
                       ZeroWireload      N16ADFP_StdCellss0p72vm40c
PROCESS_1_Module_DW_lzd_J5_0
                       ZeroWireload      N16ADFP_StdCellss0p72vm40c
PROCESS_1_Module_DW01_inc_J5_0
                       ZeroWireload      N16ADFP_StdCellss0p72vm40c
PROCESS_1_Module_sub_278_DP_OP_366J5_8568_J5_0
                       ZeroWireload      N16ADFP_StdCellss0p72vm40c
PROCESS_1_Module_add_403_DP_OP_365J5_2836_J5_0
                       ZeroWireload      N16ADFP_StdCellss0p72vm40c
PROCESS_1_Module_DW_fp_addsub_J6_0
                       ZeroWireload      N16ADFP_StdCellss0p72vm40c
PROCESS_1_Module_DW_cmp_J6_0
                       ZeroWireload      N16ADFP_StdCellss0p72vm40c
PROCESS_1_Module_DW01_add_J6_0
                       ZeroWireload      N16ADFP_StdCellss0p72vm40c
PROCESS_1_Module_DW_norm_J6_0
                       ZeroWireload      N16ADFP_StdCellss0p72vm40c
PROCESS_1_Module_DW01_add_J6_1
                       ZeroWireload      N16ADFP_StdCellss0p72vm40c
PROCESS_1_Module_DW_lzd_J6_0
                       ZeroWireload      N16ADFP_StdCellss0p72vm40c
PROCESS_1_Module_DW01_inc_J6_0
                       ZeroWireload      N16ADFP_StdCellss0p72vm40c
PROCESS_1_Module_sub_278_DP_OP_366J6_8568_J6_0
                       ZeroWireload      N16ADFP_StdCellss0p72vm40c
PROCESS_1_Module_add_403_DP_OP_365J6_2836_J6_0
                       ZeroWireload      N16ADFP_StdCellss0p72vm40c


Global Operating Voltage = 0.72 
Power-specific unit information :
    Voltage Units = 1V
    Capacitance Units = 1.000000pf
    Time Units = 1ns
    Dynamic Power Units = 1mW    (derived from V,C,T units)
    Leakage Power Units = 1nW


Attributes
----------
i - Including register clock pin internal power


  Cell Internal Power  =  81.7747 mW   (98%)
  Net Switching Power  =   1.4664 mW    (2%)
                         ---------
Total Dynamic Power    =  83.2411 mW  (100%)

Cell Leakage Power     =  18.1345 uW


                 Internal         Switching           Leakage            Total
Power Group      Power            Power               Power              Power   (   %    )  Attrs
--------------------------------------------------------------------------------------------------
io_pad             0.0000            0.0000            0.0000            0.0000  (   0.00%)
memory             0.3268            0.0000        1.8513e+03            0.3286  (   0.39%)
black_box          0.0000            0.0000            0.0000            0.0000  (   0.00%)
clock_network     81.2968            0.0000            0.0000           81.2968  (  97.66%)  i
register       1.5388e-02        2.0566e-03        1.1500e+03        1.8591e-02  (   0.02%)
sequential         0.0000            0.0000            0.0000            0.0000  (   0.00%)
combinational      0.1179            1.4643        1.5133e+04            1.5973  (   1.92%)
--------------------------------------------------------------------------------------------------
Total             81.7568 mW         1.4663 mW     1.8134e+04 nW        83.2413 mW
1
