 
****************************************
Report : area
Design : SOLE
Version: W-2024.09-SP2
Date   : Mon Apr 20 01:54:52 2026
****************************************

Library(s) Used:

    N16ADFP_StdCellss0p72vm40c (File: /cad/process/ADFP/Executable_Package/Collaterals/IP/stdcell/N16ADFP_StdCell/NLDM/N16ADFP_StdCellss0p72vm40c.db)
    N16ADFP_SRAM_ss0p72v0p72vm40c (File: /cad/process/ADFP/Executable_Package/Collaterals/IP/sram/N16ADFP_SRAM/NLDM/N16ADFP_SRAM_ss0p72v0p72vm40c_100a.db)

Number of ports:                         5925
Number of nets:                        139761
Number of cells:                       134497
Number of combinational cells:          98463
Number of sequential cells:             35922
Number of macros/black boxes:               4
Number of buf/inv:                       9852
Number of references:                      30

Combinational area:              36184.113531
Buf/Inv area:                     1950.998416
Noncombinational area:           40979.314132
Macro/Black Box area:            14814.291016
Net Interconnect area:      undefined  (Wire load has zero net area)

Total cell area:                 91977.718679
Total area:                 undefined
1
