 
****************************************
Report : timing
        -path full
        -delay min
        -max_paths 1
        -sort_by group
Design : SOLE
Version: W-2024.09-SP2
Date   : Sun Apr 19 23:33:32 2026
****************************************

 # A fanout number of 1000 was used for high fanout net computations.

Operating Conditions: ff0p88v125c   Library: N16ADFP_StdCellff0p88v125c
Wire Load Model Mode: segmented

  Startpoint: M_AXI_RDATA[23]
              (input port clocked by clk)
  Endpoint: u_softmax/u_p1/u_max_unit/r1_reg_7_
            (rising edge-triggered flip-flop clocked by clk)
  Path Group: clk
  Path Type: min

  Des/Clust/Port     Wire Load Model       Library
  ------------------------------------------------
  SOLE               ZeroWireload          N16ADFP_StdCellss0p72vm40c
  MaxUnit            ZeroWireload          N16ADFP_StdCellss0p72vm40c
  Softmax            ZeroWireload          N16ADFP_StdCellss0p72vm40c
  PROCESS_1_Module   ZeroWireload          N16ADFP_StdCellss0p72vm40c

  Point                                                   Incr       Path
  --------------------------------------------------------------------------
  clock clk (rise edge)                                 0.0000     0.0000
  clock network delay (ideal)                           0.2000     0.2000
  input external delay                                  0.0000     0.2000 f
  M_AXI_RDATA[23] (in)                                  0.0016     0.2016 f
  U617/Z (BUFFD1BWP20P90)                               0.0140     0.2156 f
  U618/Z (CKBD1BWP16P90LVT)                             0.0125     0.2281 f
  u_softmax/M_AXI_RDATA[23] (Softmax)                   0.0000     0.2281 f
  u_softmax/u_p1/DataIn_64bits[23] (PROCESS_1_Module)   0.0000     0.2281 f
  u_softmax/u_p1/u_max_unit/B[7] (MaxUnit)              0.0000     0.2281 f
  u_softmax/u_p1/u_max_unit/U45/Z (AO22D4BWP20P90)      0.0273     0.2553 f
  u_softmax/u_p1/u_max_unit/U44/ZN (CKND1BWP16P90)      0.0076     0.2629 r
  u_softmax/u_p1/u_max_unit/U43/ZN (CKND1BWP16P90LVT)   0.0048     0.2677 f
  u_softmax/u_p1/u_max_unit/r1_reg_7_/D (DFCNQD2BWP20P90)
                                                        0.0000     0.2677 f
  data arrival time                                                0.2677

  clock clk (rise edge)                                 0.0000     0.0000
  clock network delay (ideal)                           0.2000     0.2000
  clock uncertainty                                     0.0200     0.2200
  u_softmax/u_p1/u_max_unit/r1_reg_7_/CP (DFCNQD2BWP20P90)
                                                        0.0000     0.2200 r
  library hold time                                     0.0477     0.2677
  data required time                                               0.2677
  --------------------------------------------------------------------------
  data required time                                               0.2677
  data arrival time                                               -0.2677
  --------------------------------------------------------------------------
  slack (MET)                                                      0.0000


1
