Loading db file '/cad/process/ADFP/Executable_Package/Collaterals/IP/stdcell/N16ADFP_StdCell/NLDM/N16ADFP_StdCellss0p72vm40c.db'
Loading db file '/cad/process/ADFP/Executable_Package/Collaterals/IP/sram/N16ADFP_SRAM/NLDM/N16ADFP_SRAM_ss0p72v0p72vm40c_100a.db'
Information: Propagating switching activity (low effort zero delay simulation). (PWR-6)
Warning: Design has unannotated primary inputs. (PWR-414)
Warning: Design has unannotated sequential cell outputs. (PWR-415)
Warning: Design has unannotated black box outputs. (PWR-428)
 
****************************************
Report : power
        -analysis_effort low
Design : SOLE
Version: W-2024.09-SP2
Date   : Sun Apr 19 11:27:53 2026
****************************************


Library(s) Used:

    N16ADFP_StdCellss0p72vm40c (File: /cad/process/ADFP/Executable_Package/Collaterals/IP/stdcell/N16ADFP_StdCell/NLDM/N16ADFP_StdCellss0p72vm40c.db)
    N16ADFP_SRAM_ss0p72v0p72vm40c (File: /cad/process/ADFP/Executable_Package/Collaterals/IP/sram/N16ADFP_SRAM/NLDM/N16ADFP_SRAM_ss0p72v0p72vm40c_100a.db)


Operating Conditions: ss0p72vm40c   Library: N16ADFP_StdCellss0p72vm40c
Wire Load Model Mode: segmented

Design        Wire Load Model            Library
------------------------------------------------
SOLE                   ZeroWireload      N16ADFP_StdCellss0p72vm40c
Softmax                ZeroWireload      N16ADFP_StdCellss0p72vm40c
PROCESS_1_Module       ZeroWireload      N16ADFP_StdCellss0p72vm40c
PROCESS_2_Module       ZeroWireload      N16ADFP_StdCellss0p72vm40c
PROCESS_3_Module       ZeroWireload      N16ADFP_StdCellss0p72vm40c
Max_FIFO               ZeroWireload      N16ADFP_StdCellss0p72vm40c
Output_FIFO            ZeroWireload      N16ADFP_StdCellss0p72vm40c
MaxUnit                ZeroWireload      N16ADFP_StdCellss0p72vm40c
Reduction_Module       ZeroWireload      N16ADFP_StdCellss0p72vm40c
Log2Exp_5              ZeroWireload      N16ADFP_StdCellss0p72vm40c
Log2Exp_4              ZeroWireload      N16ADFP_StdCellss0p72vm40c
Divider_PreCompute_Module
                       ZeroWireload      N16ADFP_StdCellss0p72vm40c
Divider_Module_3       ZeroWireload      N16ADFP_StdCellss0p72vm40c
SRAM_ADDR_BITS10_DATA_BITS16_1
                       ZeroWireload      N16ADFP_StdCellss0p72vm40c
Log2Exp_0              ZeroWireload      N16ADFP_StdCellss0p72vm40c
Log2Exp_1              ZeroWireload      N16ADFP_StdCellss0p72vm40c
Log2Exp_2              ZeroWireload      N16ADFP_StdCellss0p72vm40c
Log2Exp_3              ZeroWireload      N16ADFP_StdCellss0p72vm40c
Divider_Module_0       ZeroWireload      N16ADFP_StdCellss0p72vm40c
Divider_Module_1       ZeroWireload      N16ADFP_StdCellss0p72vm40c
Divider_Module_2       ZeroWireload      N16ADFP_StdCellss0p72vm40c
SRAM_ADDR_BITS10_DATA_BITS16_0
                       ZeroWireload      N16ADFP_StdCellss0p72vm40c
Softmax_DW01_inc_0     ZeroWireload      N16ADFP_StdCellss0p72vm40c
Softmax_DW01_inc_1     ZeroWireload      N16ADFP_StdCellss0p72vm40c
Softmax_DW01_inc_2     ZeroWireload      N16ADFP_StdCellss0p72vm40c
Softmax_DW01_add_0_DW01_add_2
                       ZeroWireload      N16ADFP_StdCellss0p72vm40c
Softmax_DW01_inc_3     ZeroWireload      N16ADFP_StdCellss0p72vm40c
Softmax_DW01_inc_4     ZeroWireload      N16ADFP_StdCellss0p72vm40c
Softmax_DW01_add_1_DW01_add_3
                       ZeroWireload      N16ADFP_StdCellss0p72vm40c
Softmax_DW_cmp_0       ZeroWireload      N16ADFP_StdCellss0p72vm40c
Softmax_DW01_inc_5     ZeroWireload      N16ADFP_StdCellss0p72vm40c
Softmax_DW_cmp_3       ZeroWireload      N16ADFP_StdCellss0p72vm40c
Softmax_DW_cmp_4       ZeroWireload      N16ADFP_StdCellss0p72vm40c
Softmax_DW_cmp_5       ZeroWireload      N16ADFP_StdCellss0p72vm40c
Softmax_DW01_cmp6_0    ZeroWireload      N16ADFP_StdCellss0p72vm40c
Softmax_DW01_cmp2_0    ZeroWireload      N16ADFP_StdCellss0p72vm40c
Softmax_DW01_cmp2_1    ZeroWireload      N16ADFP_StdCellss0p72vm40c
Softmax_DW01_cmp2_2    ZeroWireload      N16ADFP_StdCellss0p72vm40c
Output_FIFO_DW01_dec_0 ZeroWireload      N16ADFP_StdCellss0p72vm40c
Output_FIFO_DW01_inc_0_DW01_inc_6
                       ZeroWireload      N16ADFP_StdCellss0p72vm40c
Output_FIFO_DW01_inc_1_DW01_inc_7
                       ZeroWireload      N16ADFP_StdCellss0p72vm40c
Output_FIFO_DW01_inc_2_DW01_inc_8
                       ZeroWireload      N16ADFP_StdCellss0p72vm40c
Max_FIFO_DW01_dec_0_DW01_dec_1
                       ZeroWireload      N16ADFP_StdCellss0p72vm40c
Max_FIFO_DW01_inc_0_DW01_inc_9
                       ZeroWireload      N16ADFP_StdCellss0p72vm40c
Max_FIFO_DW01_inc_1_DW01_inc_10
                       ZeroWireload      N16ADFP_StdCellss0p72vm40c
Max_FIFO_DW01_inc_2_DW01_inc_11
                       ZeroWireload      N16ADFP_StdCellss0p72vm40c
PROCESS_3_Module_DW_fp_add_0
                       ZeroWireload      N16ADFP_StdCellss0p72vm40c
PROCESS_3_Module_DW_fp_addsub_0
                       ZeroWireload      N16ADFP_StdCellss0p72vm40c
PROCESS_3_Module_DW01_add_0_DW01_add_4
                       ZeroWireload      N16ADFP_StdCellss0p72vm40c
PROCESS_3_Module_DW_lzd_0
                       ZeroWireload      N16ADFP_StdCellss0p72vm40c
PROCESS_3_Module_DW01_inc_0_DW01_inc_12
                       ZeroWireload      N16ADFP_StdCellss0p72vm40c
PROCESS_1_Module_DW_fp_add_0_DW_fp_add_1
                       ZeroWireload      N16ADFP_StdCellss0p72vm40c
PROCESS_1_Module_DW_fp_addsub_0_DW_fp_addsub_1
                       ZeroWireload      N16ADFP_StdCellss0p72vm40c
PROCESS_1_Module_DW01_add_0_DW01_add_9
                       ZeroWireload      N16ADFP_StdCellss0p72vm40c
PROCESS_1_Module_DW_lzd_0_DW_lzd_1
                       ZeroWireload      N16ADFP_StdCellss0p72vm40c
PROCESS_1_Module_DW01_inc_0_DW01_inc_13
                       ZeroWireload      N16ADFP_StdCellss0p72vm40c
PROCESS_1_Module_DW_fp_add_1_DW_fp_add_2
                       ZeroWireload      N16ADFP_StdCellss0p72vm40c
PROCESS_1_Module_DW_fp_addsub_1_DW_fp_addsub_2
                       ZeroWireload      N16ADFP_StdCellss0p72vm40c
PROCESS_1_Module_DW01_add_1_DW01_add_10
                       ZeroWireload      N16ADFP_StdCellss0p72vm40c
PROCESS_1_Module_DW_lzd_1_DW_lzd_2
                       ZeroWireload      N16ADFP_StdCellss0p72vm40c
PROCESS_1_Module_DW01_inc_1_DW01_inc_14
                       ZeroWireload      N16ADFP_StdCellss0p72vm40c
PROCESS_1_Module_DW_fp_add_2_DW_fp_add_3
                       ZeroWireload      N16ADFP_StdCellss0p72vm40c
PROCESS_1_Module_DW_fp_addsub_2_DW_fp_addsub_3
                       ZeroWireload      N16ADFP_StdCellss0p72vm40c
PROCESS_1_Module_DW01_add_2_DW01_add_11
                       ZeroWireload      N16ADFP_StdCellss0p72vm40c
PROCESS_1_Module_DW_lzd_2_DW_lzd_3
                       ZeroWireload      N16ADFP_StdCellss0p72vm40c
PROCESS_1_Module_DW01_inc_2_DW01_inc_15
                       ZeroWireload      N16ADFP_StdCellss0p72vm40c
PROCESS_1_Module_DW_fp_add_3_DW_fp_add_4
                       ZeroWireload      N16ADFP_StdCellss0p72vm40c
PROCESS_1_Module_DW_fp_addsub_3_DW_fp_addsub_4
                       ZeroWireload      N16ADFP_StdCellss0p72vm40c
PROCESS_1_Module_DW01_add_3_DW01_add_12
                       ZeroWireload      N16ADFP_StdCellss0p72vm40c
PROCESS_1_Module_DW_lzd_3_DW_lzd_4
                       ZeroWireload      N16ADFP_StdCellss0p72vm40c
PROCESS_1_Module_DW01_inc_3_DW01_inc_16
                       ZeroWireload      N16ADFP_StdCellss0p72vm40c
PROCESS_1_Module_DW_fp_add_4_DW_fp_add_5
                       ZeroWireload      N16ADFP_StdCellss0p72vm40c
PROCESS_1_Module_DW_fp_addsub_4_DW_fp_addsub_5
                       ZeroWireload      N16ADFP_StdCellss0p72vm40c
PROCESS_1_Module_DW01_add_4_DW01_add_13
                       ZeroWireload      N16ADFP_StdCellss0p72vm40c
PROCESS_1_Module_DW_lzd_4_DW_lzd_5
                       ZeroWireload      N16ADFP_StdCellss0p72vm40c
PROCESS_1_Module_DW01_inc_4_DW01_inc_17
                       ZeroWireload      N16ADFP_StdCellss0p72vm40c
PROCESS_1_Module_DW01_add_5_DW01_add_14
                       ZeroWireload      N16ADFP_StdCellss0p72vm40c
Reduction_Module_DW01_add_0_DW01_add_25
                       ZeroWireload      N16ADFP_StdCellss0p72vm40c
Reduction_Module_DW01_add_1_DW01_add_26
                       ZeroWireload      N16ADFP_StdCellss0p72vm40c
Reduction_Module_DW01_add_2_DW01_add_27
                       ZeroWireload      N16ADFP_StdCellss0p72vm40c


Global Operating Voltage = 0.72 
Power-specific unit information :
    Voltage Units = 1V
    Capacitance Units = 1.000000pf
    Time Units = 1ns
    Dynamic Power Units = 1mW    (derived from V,C,T units)
    Leakage Power Units = 1nW


Attributes
----------
i - Including register clock pin internal power


  Cell Internal Power  =  66.3498 mW   (98%)
  Net Switching Power  =   1.1518 mW    (2%)
                         ---------
Total Dynamic Power    =  67.5016 mW  (100%)

Cell Leakage Power     =  59.9309 uW


                 Internal         Switching           Leakage            Total
Power Group      Power            Power               Power              Power   (   %    )  Attrs
--------------------------------------------------------------------------------------------------
io_pad             0.0000            0.0000            0.0000            0.0000  (   0.00%)
memory             0.2586            0.0000        1.8513e+03            0.2604  (   0.39%)
black_box          0.0000            0.0000            0.0000            0.0000  (   0.00%)
clock_network     64.8031            0.0000            0.0000           64.8031  (  95.89%)  i
register       6.5994e-03        1.6308e-03        2.4483e+04        3.2715e-02  (   0.05%)
sequential     6.8380e-04            0.0000            7.5860        6.9139e-04  (   0.00%)
combinational      1.3011            1.1501        3.3589e+04            2.4863  (   3.68%)
--------------------------------------------------------------------------------------------------
Total             66.3701 mW         1.1517 mW     5.9931e+04 nW        67.5833 mW
1
