 
****************************************
Report : timing
        -path full
        -delay min
        -max_paths 1
        -sort_by group
Design : SOLE
Version: W-2024.09-SP2
Date   : Sun Apr 19 11:27:42 2026
****************************************

 # A fanout number of 1000 was used for high fanout net computations.

Operating Conditions: ff0p88v125c   Library: N16ADFP_StdCellff0p88v125c
Wire Load Model Mode: segmented

  Startpoint: u_softmax/u_output_fifo/wptr_reg_1_
              (rising edge-triggered flip-flop clocked by clk)
  Endpoint: u_softmax/u_output_fifo/u_sram/gen_sram_macro_1__u_sram
            (rising edge-triggered flip-flop clocked by clk)
  Path Group: clk
  Path Type: min

  Des/Clust/Port     Wire Load Model       Library
  ------------------------------------------------
  SRAM_ADDR_BITS10_DATA_BITS16_0
                     ZeroWireload          N16ADFP_StdCellss0p72vm40c
  SRAM_ADDR_BITS10_DATA_BITS16_1
                     ZeroWireload          N16ADFP_StdCellss0p72vm40c
  Reduction_Module   ZeroWireload          N16ADFP_StdCellss0p72vm40c
  MaxUnit            ZeroWireload          N16ADFP_StdCellss0p72vm40c
  Output_FIFO        ZeroWireload          N16ADFP_StdCellss0p72vm40c
  Max_FIFO           ZeroWireload          N16ADFP_StdCellss0p72vm40c
  PROCESS_3_Module   ZeroWireload          N16ADFP_StdCellss0p72vm40c
  PROCESS_2_Module   ZeroWireload          N16ADFP_StdCellss0p72vm40c
  PROCESS_1_Module   ZeroWireload          N16ADFP_StdCellss0p72vm40c
  SOLE               ZeroWireload          N16ADFP_StdCellss0p72vm40c
  Softmax            ZeroWireload          N16ADFP_StdCellss0p72vm40c
  Output_FIFO_DW01_inc_2_DW01_inc_8
                     ZeroWireload          N16ADFP_StdCellss0p72vm40c

  Point                                                   Incr       Path
  --------------------------------------------------------------------------
  clock clk (rise edge)                                 0.0000     0.0000
  clock network delay (ideal)                           0.2000     0.2000
  u_softmax/u_output_fifo/wptr_reg_1_/CP (DFQD2BWP16P90LVT)
                                                        0.0000 #   0.2000 r
  u_softmax/u_output_fifo/wptr_reg_1_/Q (DFQD2BWP16P90LVT)
                                                        0.0546     0.2546 r
  u_softmax/u_output_fifo/U26/Z (CKBD1BWP20P90)         0.0146     0.2691 r
  u_softmax/u_output_fifo/U27/Z (CKBD1BWP16P90LVT)      0.0173     0.2864 r
  u_softmax/u_output_fifo/u_sram/waddr[1] (SRAM_ADDR_BITS10_DATA_BITS16_0)
                                                        0.0000     0.2864 r
  u_softmax/u_output_fifo/u_sram/U75/ZN (CKND2D1BWP20P90)
                                                        0.0170     0.3035 f
  u_softmax/u_output_fifo/u_sram/U286/ZN (ND2D1BWP20P90LVT)
                                                        0.0136     0.3171 r
  u_softmax/u_output_fifo/u_sram/U285/Z (CKBD1BWP20P90)
                                                        0.0180     0.3351 r
  u_softmax/u_output_fifo/u_sram/U314/ZN (CKND1BWP20P90)
                                                        0.0098     0.3449 f
  u_softmax/u_output_fifo/u_sram/U418/ZN (ND2D1BWP16P90)
                                                        0.0468     0.3917 r
  u_softmax/u_output_fifo/u_sram/gen_sram_macro_1__u_sram/BWEB[16] (TS1N16ADFPCLLLVTA128X64M4SWSHOD)
                                                        0.0000     0.3917 r
  data arrival time                                                0.3917

  clock clk (rise edge)                                 0.0000     0.0000
  clock network delay (ideal)                           0.2000     0.2000
  clock uncertainty                                     0.0200     0.2200
  u_softmax/u_output_fifo/u_sram/gen_sram_macro_1__u_sram/CLK (TS1N16ADFPCLLLVTA128X64M4SWSHOD)
                                                        0.0000     0.2200 r
  library hold time                                     0.1716     0.3916
  data required time                                               0.3916
  --------------------------------------------------------------------------
  data required time                                               0.3916
  data arrival time                                               -0.3917
  --------------------------------------------------------------------------
  slack (MET)                                                      0.0001


1
